// Jest Snapshot v1, https://goo.gl/fbAQLP

exports[`does component render 1`] = `
<DocumentFragment>
  <div />
</DocumentFragment>
`;
